ARM GAS  C:\Users\BENAKA~1\AppData\Local\Temp\ccQH2Ucr.s 			page 1


   1              		.syntax unified
   2              		.cpu cortex-m0
   3              		.fpu softvfp
   4              		.eabi_attribute 20, 1
   5              		.eabi_attribute 21, 1
   6              		.eabi_attribute 23, 3
   7              		.eabi_attribute 24, 1
   8              		.eabi_attribute 25, 1
   9              		.eabi_attribute 26, 1
  10              		.eabi_attribute 30, 6
  11              		.eabi_attribute 34, 0
  12              		.eabi_attribute 18, 4
  13              		.thumb
  14              		.syntax unified
  15              		.file	"cyfitter_cfg.c"
  16              		.text
  17              	.Ltext0:
  18              		.cfi_sections	.debug_frame
  19              		.section	.text.CYMEMZERO,"ax",%progbits
  20              		.align	2
  21              		.code	16
  22              		.thumb_func
  23              		.type	CYMEMZERO, %function
  24              	CYMEMZERO:
  25              	.LFB2:
  26              		.file 1 "Generated_Source\\PSoC4\\cyfitter_cfg.c"
   1:Generated_Source\PSoC4/cyfitter_cfg.c **** 
   2:Generated_Source\PSoC4/cyfitter_cfg.c **** /*******************************************************************************
   3:Generated_Source\PSoC4/cyfitter_cfg.c **** * File Name: cyfitter_cfg.c
   4:Generated_Source\PSoC4/cyfitter_cfg.c **** * 
   5:Generated_Source\PSoC4/cyfitter_cfg.c **** * PSoC Creator  4.2
   6:Generated_Source\PSoC4/cyfitter_cfg.c **** *
   7:Generated_Source\PSoC4/cyfitter_cfg.c **** * Description:
   8:Generated_Source\PSoC4/cyfitter_cfg.c **** * This file contains device initialization code.
   9:Generated_Source\PSoC4/cyfitter_cfg.c **** * Except for the user defined sections in CyClockStartupError(), this file should not be modified.
  10:Generated_Source\PSoC4/cyfitter_cfg.c **** * This file is automatically generated by PSoC Creator.
  11:Generated_Source\PSoC4/cyfitter_cfg.c **** *
  12:Generated_Source\PSoC4/cyfitter_cfg.c **** ********************************************************************************
  13:Generated_Source\PSoC4/cyfitter_cfg.c **** * Copyright (c) 2007-2017 Cypress Semiconductor.  All rights reserved.
  14:Generated_Source\PSoC4/cyfitter_cfg.c **** * You may use this file only in accordance with the license, terms, conditions, 
  15:Generated_Source\PSoC4/cyfitter_cfg.c **** * disclaimers, and limitations in the end user license agreement accompanying 
  16:Generated_Source\PSoC4/cyfitter_cfg.c **** * the software package with which this file was provided.
  17:Generated_Source\PSoC4/cyfitter_cfg.c **** ********************************************************************************/
  18:Generated_Source\PSoC4/cyfitter_cfg.c **** 
  19:Generated_Source\PSoC4/cyfitter_cfg.c **** #include <string.h>
  20:Generated_Source\PSoC4/cyfitter_cfg.c **** #include "cytypes.h"
  21:Generated_Source\PSoC4/cyfitter_cfg.c **** #include "cydevice_trm.h"
  22:Generated_Source\PSoC4/cyfitter_cfg.c **** #include "cyfitter.h"
  23:Generated_Source\PSoC4/cyfitter_cfg.c **** #include "CyLib.h"
  24:Generated_Source\PSoC4/cyfitter_cfg.c **** #include "cyfitter_cfg.h"
  25:Generated_Source\PSoC4/cyfitter_cfg.c **** 
  26:Generated_Source\PSoC4/cyfitter_cfg.c **** 
  27:Generated_Source\PSoC4/cyfitter_cfg.c **** #if defined(__GNUC__) || defined(__ARMCC_VERSION)
  28:Generated_Source\PSoC4/cyfitter_cfg.c ****     #define CYPACKED 
  29:Generated_Source\PSoC4/cyfitter_cfg.c ****     #define CYPACKED_ATTR __attribute__ ((packed))
  30:Generated_Source\PSoC4/cyfitter_cfg.c ****     #define CYALIGNED __attribute__ ((aligned))
  31:Generated_Source\PSoC4/cyfitter_cfg.c ****     #define CY_CFG_UNUSED __attribute__ ((unused))
ARM GAS  C:\Users\BENAKA~1\AppData\Local\Temp\ccQH2Ucr.s 			page 2


  32:Generated_Source\PSoC4/cyfitter_cfg.c ****     #ifndef CY_CFG_SECTION
  33:Generated_Source\PSoC4/cyfitter_cfg.c ****         #define CY_CFG_SECTION __attribute__ ((section(".psocinit")))
  34:Generated_Source\PSoC4/cyfitter_cfg.c ****     #endif
  35:Generated_Source\PSoC4/cyfitter_cfg.c ****     
  36:Generated_Source\PSoC4/cyfitter_cfg.c ****     #if defined(__ARMCC_VERSION)
  37:Generated_Source\PSoC4/cyfitter_cfg.c ****         #define CY_CFG_MEMORY_BARRIER() __memory_changed()
  38:Generated_Source\PSoC4/cyfitter_cfg.c ****     #else
  39:Generated_Source\PSoC4/cyfitter_cfg.c ****         #define CY_CFG_MEMORY_BARRIER() __sync_synchronize()
  40:Generated_Source\PSoC4/cyfitter_cfg.c ****     #endif
  41:Generated_Source\PSoC4/cyfitter_cfg.c ****     
  42:Generated_Source\PSoC4/cyfitter_cfg.c **** #elif defined(__ICCARM__)
  43:Generated_Source\PSoC4/cyfitter_cfg.c ****     #include <intrinsics.h>
  44:Generated_Source\PSoC4/cyfitter_cfg.c **** 
  45:Generated_Source\PSoC4/cyfitter_cfg.c ****     #define CYPACKED __packed
  46:Generated_Source\PSoC4/cyfitter_cfg.c ****     #define CYPACKED_ATTR 
  47:Generated_Source\PSoC4/cyfitter_cfg.c ****     #define CYALIGNED _Pragma("data_alignment=4")
  48:Generated_Source\PSoC4/cyfitter_cfg.c ****     #define CY_CFG_UNUSED _Pragma("diag_suppress=Pe177")
  49:Generated_Source\PSoC4/cyfitter_cfg.c ****     #define CY_CFG_SECTION _Pragma("location=\".psocinit\"")
  50:Generated_Source\PSoC4/cyfitter_cfg.c ****     
  51:Generated_Source\PSoC4/cyfitter_cfg.c ****     #define CY_CFG_MEMORY_BARRIER() __DMB()
  52:Generated_Source\PSoC4/cyfitter_cfg.c ****     
  53:Generated_Source\PSoC4/cyfitter_cfg.c **** #else
  54:Generated_Source\PSoC4/cyfitter_cfg.c ****     #error Unsupported toolchain
  55:Generated_Source\PSoC4/cyfitter_cfg.c **** #endif
  56:Generated_Source\PSoC4/cyfitter_cfg.c **** 
  57:Generated_Source\PSoC4/cyfitter_cfg.c **** #ifndef CYCODE
  58:Generated_Source\PSoC4/cyfitter_cfg.c ****     #define CYCODE
  59:Generated_Source\PSoC4/cyfitter_cfg.c **** #endif
  60:Generated_Source\PSoC4/cyfitter_cfg.c **** #ifndef CYDATA
  61:Generated_Source\PSoC4/cyfitter_cfg.c ****     #define CYDATA
  62:Generated_Source\PSoC4/cyfitter_cfg.c **** #endif
  63:Generated_Source\PSoC4/cyfitter_cfg.c **** #ifndef CYFAR
  64:Generated_Source\PSoC4/cyfitter_cfg.c ****     #define CYFAR
  65:Generated_Source\PSoC4/cyfitter_cfg.c **** #endif
  66:Generated_Source\PSoC4/cyfitter_cfg.c **** #ifndef CYXDATA
  67:Generated_Source\PSoC4/cyfitter_cfg.c ****     #define CYXDATA
  68:Generated_Source\PSoC4/cyfitter_cfg.c **** #endif
  69:Generated_Source\PSoC4/cyfitter_cfg.c **** 
  70:Generated_Source\PSoC4/cyfitter_cfg.c **** 
  71:Generated_Source\PSoC4/cyfitter_cfg.c **** CY_CFG_UNUSED
  72:Generated_Source\PSoC4/cyfitter_cfg.c **** static void CYMEMZERO(void *s, size_t n);
  73:Generated_Source\PSoC4/cyfitter_cfg.c **** CY_CFG_UNUSED
  74:Generated_Source\PSoC4/cyfitter_cfg.c **** static void CYMEMZERO(void *s, size_t n)
  75:Generated_Source\PSoC4/cyfitter_cfg.c **** {
  27              		.loc 1 75 0
  28              		.cfi_startproc
  29              		@ args = 0, pretend = 0, frame = 8
  30              		@ frame_needed = 1, uses_anonymous_args = 0
  31 0000 80B5     		push	{r7, lr}
  32              		.cfi_def_cfa_offset 8
  33              		.cfi_offset 7, -8
  34              		.cfi_offset 14, -4
  35 0002 82B0     		sub	sp, sp, #8
  36              		.cfi_def_cfa_offset 16
  37 0004 00AF     		add	r7, sp, #0
  38              		.cfi_def_cfa_register 7
  39 0006 7860     		str	r0, [r7, #4]
ARM GAS  C:\Users\BENAKA~1\AppData\Local\Temp\ccQH2Ucr.s 			page 3


  40 0008 3960     		str	r1, [r7]
  76:Generated_Source\PSoC4/cyfitter_cfg.c **** 	(void)memset(s, 0, n);
  41              		.loc 1 76 0
  42 000a 3A68     		ldr	r2, [r7]
  43 000c 7B68     		ldr	r3, [r7, #4]
  44 000e 0021     		movs	r1, #0
  45 0010 1800     		movs	r0, r3
  46 0012 FFF7FEFF 		bl	memset
  77:Generated_Source\PSoC4/cyfitter_cfg.c **** }
  47              		.loc 1 77 0
  48 0016 C046     		nop
  49 0018 BD46     		mov	sp, r7
  50 001a 02B0     		add	sp, sp, #8
  51              		@ sp needed
  52 001c 80BD     		pop	{r7, pc}
  53              		.cfi_endproc
  54              	.LFE2:
  55              		.size	CYMEMZERO, .-CYMEMZERO
  56 001e C046     		.section	.text.CYCONFIGCPY,"ax",%progbits
  57              		.align	2
  58              		.code	16
  59              		.thumb_func
  60              		.type	CYCONFIGCPY, %function
  61              	CYCONFIGCPY:
  62              	.LFB3:
  78:Generated_Source\PSoC4/cyfitter_cfg.c **** CY_CFG_UNUSED
  79:Generated_Source\PSoC4/cyfitter_cfg.c **** static void CYCONFIGCPY(void *dest, const void *src, size_t n);
  80:Generated_Source\PSoC4/cyfitter_cfg.c **** CY_CFG_UNUSED
  81:Generated_Source\PSoC4/cyfitter_cfg.c **** static void CYCONFIGCPY(void *dest, const void *src, size_t n)
  82:Generated_Source\PSoC4/cyfitter_cfg.c **** {
  63              		.loc 1 82 0
  64              		.cfi_startproc
  65              		@ args = 0, pretend = 0, frame = 16
  66              		@ frame_needed = 1, uses_anonymous_args = 0
  67 0000 80B5     		push	{r7, lr}
  68              		.cfi_def_cfa_offset 8
  69              		.cfi_offset 7, -8
  70              		.cfi_offset 14, -4
  71 0002 84B0     		sub	sp, sp, #16
  72              		.cfi_def_cfa_offset 24
  73 0004 00AF     		add	r7, sp, #0
  74              		.cfi_def_cfa_register 7
  75 0006 F860     		str	r0, [r7, #12]
  76 0008 B960     		str	r1, [r7, #8]
  77 000a 7A60     		str	r2, [r7, #4]
  83:Generated_Source\PSoC4/cyfitter_cfg.c **** 	(void)memcpy(dest, src, n);
  78              		.loc 1 83 0
  79 000c 7A68     		ldr	r2, [r7, #4]
  80 000e B968     		ldr	r1, [r7, #8]
  81 0010 FB68     		ldr	r3, [r7, #12]
  82 0012 1800     		movs	r0, r3
  83 0014 FFF7FEFF 		bl	memcpy
  84:Generated_Source\PSoC4/cyfitter_cfg.c **** }
  84              		.loc 1 84 0
  85 0018 C046     		nop
  86 001a BD46     		mov	sp, r7
  87 001c 04B0     		add	sp, sp, #16
ARM GAS  C:\Users\BENAKA~1\AppData\Local\Temp\ccQH2Ucr.s 			page 4


  88              		@ sp needed
  89 001e 80BD     		pop	{r7, pc}
  90              		.cfi_endproc
  91              	.LFE3:
  92              		.size	CYCONFIGCPY, .-CYCONFIGCPY
  93              		.section	.text.CYCONFIGCPYCODE,"ax",%progbits
  94              		.align	2
  95              		.code	16
  96              		.thumb_func
  97              		.type	CYCONFIGCPYCODE, %function
  98              	CYCONFIGCPYCODE:
  99              	.LFB4:
  85:Generated_Source\PSoC4/cyfitter_cfg.c **** CY_CFG_UNUSED
  86:Generated_Source\PSoC4/cyfitter_cfg.c **** static void CYCONFIGCPYCODE(void *dest, const void *src, size_t n);
  87:Generated_Source\PSoC4/cyfitter_cfg.c **** CY_CFG_UNUSED
  88:Generated_Source\PSoC4/cyfitter_cfg.c **** static void CYCONFIGCPYCODE(void *dest, const void *src, size_t n)
  89:Generated_Source\PSoC4/cyfitter_cfg.c **** {
 100              		.loc 1 89 0
 101              		.cfi_startproc
 102              		@ args = 0, pretend = 0, frame = 16
 103              		@ frame_needed = 1, uses_anonymous_args = 0
 104 0000 80B5     		push	{r7, lr}
 105              		.cfi_def_cfa_offset 8
 106              		.cfi_offset 7, -8
 107              		.cfi_offset 14, -4
 108 0002 84B0     		sub	sp, sp, #16
 109              		.cfi_def_cfa_offset 24
 110 0004 00AF     		add	r7, sp, #0
 111              		.cfi_def_cfa_register 7
 112 0006 F860     		str	r0, [r7, #12]
 113 0008 B960     		str	r1, [r7, #8]
 114 000a 7A60     		str	r2, [r7, #4]
  90:Generated_Source\PSoC4/cyfitter_cfg.c **** 	(void)memcpy(dest, src, n);
 115              		.loc 1 90 0
 116 000c 7A68     		ldr	r2, [r7, #4]
 117 000e B968     		ldr	r1, [r7, #8]
 118 0010 FB68     		ldr	r3, [r7, #12]
 119 0012 1800     		movs	r0, r3
 120 0014 FFF7FEFF 		bl	memcpy
  91:Generated_Source\PSoC4/cyfitter_cfg.c **** }
 121              		.loc 1 91 0
 122 0018 C046     		nop
 123 001a BD46     		mov	sp, r7
 124 001c 04B0     		add	sp, sp, #16
 125              		@ sp needed
 126 001e 80BD     		pop	{r7, pc}
 127              		.cfi_endproc
 128              	.LFE4:
 129              		.size	CYCONFIGCPYCODE, .-CYCONFIGCPYCODE
 130              		.section	.psocinit,"ax",%progbits
 131              		.align	2
 132              		.code	16
 133              		.thumb_func
 134              		.type	ClockSetup, %function
 135              	ClockSetup:
 136              	.LFB5:
  92:Generated_Source\PSoC4/cyfitter_cfg.c **** 
ARM GAS  C:\Users\BENAKA~1\AppData\Local\Temp\ccQH2Ucr.s 			page 5


  93:Generated_Source\PSoC4/cyfitter_cfg.c **** 
  94:Generated_Source\PSoC4/cyfitter_cfg.c **** 
  95:Generated_Source\PSoC4/cyfitter_cfg.c **** 
  96:Generated_Source\PSoC4/cyfitter_cfg.c **** /* Clock startup error codes                                                   */
  97:Generated_Source\PSoC4/cyfitter_cfg.c **** #define CYCLOCKSTART_NO_ERROR    0u
  98:Generated_Source\PSoC4/cyfitter_cfg.c **** #define CYCLOCKSTART_XTAL_ERROR  1u
  99:Generated_Source\PSoC4/cyfitter_cfg.c **** #define CYCLOCKSTART_32KHZ_ERROR 2u
 100:Generated_Source\PSoC4/cyfitter_cfg.c **** #define CYCLOCKSTART_PLL_ERROR   3u
 101:Generated_Source\PSoC4/cyfitter_cfg.c **** #define CYCLOCKSTART_FLL_ERROR   4u
 102:Generated_Source\PSoC4/cyfitter_cfg.c **** 
 103:Generated_Source\PSoC4/cyfitter_cfg.c **** 
 104:Generated_Source\PSoC4/cyfitter_cfg.c **** #ifdef CY_NEED_CYCLOCKSTARTUPERROR
 105:Generated_Source\PSoC4/cyfitter_cfg.c **** /*******************************************************************************
 106:Generated_Source\PSoC4/cyfitter_cfg.c **** * Function Name: CyClockStartupError
 107:Generated_Source\PSoC4/cyfitter_cfg.c **** ********************************************************************************
 108:Generated_Source\PSoC4/cyfitter_cfg.c **** * Summary:
 109:Generated_Source\PSoC4/cyfitter_cfg.c **** *  If an error is encountered during clock configuration (crystal startup error,
 110:Generated_Source\PSoC4/cyfitter_cfg.c **** *  PLL lock error, etc.), the system will end up here.  Unless reimplemented by
 111:Generated_Source\PSoC4/cyfitter_cfg.c **** *  the customer, this function will stop in an infinite loop.
 112:Generated_Source\PSoC4/cyfitter_cfg.c **** *
 113:Generated_Source\PSoC4/cyfitter_cfg.c **** * Parameters:
 114:Generated_Source\PSoC4/cyfitter_cfg.c **** *   void
 115:Generated_Source\PSoC4/cyfitter_cfg.c **** *
 116:Generated_Source\PSoC4/cyfitter_cfg.c **** * Return:
 117:Generated_Source\PSoC4/cyfitter_cfg.c **** *   void
 118:Generated_Source\PSoC4/cyfitter_cfg.c **** *
 119:Generated_Source\PSoC4/cyfitter_cfg.c **** *******************************************************************************/
 120:Generated_Source\PSoC4/cyfitter_cfg.c **** CY_CFG_UNUSED
 121:Generated_Source\PSoC4/cyfitter_cfg.c **** static void CyClockStartupError(uint8 errorCode);
 122:Generated_Source\PSoC4/cyfitter_cfg.c **** CY_CFG_UNUSED
 123:Generated_Source\PSoC4/cyfitter_cfg.c **** static void CyClockStartupError(uint8 errorCode)
 124:Generated_Source\PSoC4/cyfitter_cfg.c **** {
 125:Generated_Source\PSoC4/cyfitter_cfg.c ****     /* To remove the compiler warning if errorCode not used.                */
 126:Generated_Source\PSoC4/cyfitter_cfg.c ****     errorCode = errorCode;
 127:Generated_Source\PSoC4/cyfitter_cfg.c **** 
 128:Generated_Source\PSoC4/cyfitter_cfg.c ****     /* If we have a clock startup error (bad MHz crystal, PLL lock, etc.),  */
 129:Generated_Source\PSoC4/cyfitter_cfg.c ****     /* we will end up here to allow the customer to implement something to  */
 130:Generated_Source\PSoC4/cyfitter_cfg.c ****     /* deal with the clock condition.                                       */
 131:Generated_Source\PSoC4/cyfitter_cfg.c **** 
 132:Generated_Source\PSoC4/cyfitter_cfg.c **** #ifdef CY_CFG_CLOCK_STARTUP_ERROR_CALLBACK
 133:Generated_Source\PSoC4/cyfitter_cfg.c ****     CY_CFG_Clock_Startup_ErrorCallback();
 134:Generated_Source\PSoC4/cyfitter_cfg.c **** #else
 135:Generated_Source\PSoC4/cyfitter_cfg.c ****     /*  If not using CY_CFG_CLOCK_STARTUP_ERROR_CALLBACK, place your clock startup code here. */
 136:Generated_Source\PSoC4/cyfitter_cfg.c ****     /* `#START CyClockStartupError` */
 137:Generated_Source\PSoC4/cyfitter_cfg.c **** 
 138:Generated_Source\PSoC4/cyfitter_cfg.c **** 
 139:Generated_Source\PSoC4/cyfitter_cfg.c **** 
 140:Generated_Source\PSoC4/cyfitter_cfg.c ****     /* `#END` */
 141:Generated_Source\PSoC4/cyfitter_cfg.c **** 
 142:Generated_Source\PSoC4/cyfitter_cfg.c ****     while(1) {}
 143:Generated_Source\PSoC4/cyfitter_cfg.c **** #endif /* CY_CFG_CLOCK_STARTUP_ERROR_CALLBACK */
 144:Generated_Source\PSoC4/cyfitter_cfg.c **** }
 145:Generated_Source\PSoC4/cyfitter_cfg.c **** #endif
 146:Generated_Source\PSoC4/cyfitter_cfg.c **** 
 147:Generated_Source\PSoC4/cyfitter_cfg.c **** 
 148:Generated_Source\PSoC4/cyfitter_cfg.c **** 
 149:Generated_Source\PSoC4/cyfitter_cfg.c **** /*******************************************************************************
ARM GAS  C:\Users\BENAKA~1\AppData\Local\Temp\ccQH2Ucr.s 			page 6


 150:Generated_Source\PSoC4/cyfitter_cfg.c **** * Function Name: ClockSetup
 151:Generated_Source\PSoC4/cyfitter_cfg.c **** ********************************************************************************
 152:Generated_Source\PSoC4/cyfitter_cfg.c **** *
 153:Generated_Source\PSoC4/cyfitter_cfg.c **** * Summary:
 154:Generated_Source\PSoC4/cyfitter_cfg.c **** *   Performs the initialization of all of the clocks in the device based on the
 155:Generated_Source\PSoC4/cyfitter_cfg.c **** *   settings in the Clock tab of the DWR.  This includes enabling the requested
 156:Generated_Source\PSoC4/cyfitter_cfg.c **** *   clocks and setting the necessary dividers to produce the desired frequency. 
 157:Generated_Source\PSoC4/cyfitter_cfg.c **** *
 158:Generated_Source\PSoC4/cyfitter_cfg.c **** * Parameters:
 159:Generated_Source\PSoC4/cyfitter_cfg.c **** *   void
 160:Generated_Source\PSoC4/cyfitter_cfg.c **** *
 161:Generated_Source\PSoC4/cyfitter_cfg.c **** * Return:
 162:Generated_Source\PSoC4/cyfitter_cfg.c **** *   void
 163:Generated_Source\PSoC4/cyfitter_cfg.c **** *
 164:Generated_Source\PSoC4/cyfitter_cfg.c **** *******************************************************************************/
 165:Generated_Source\PSoC4/cyfitter_cfg.c **** static void ClockSetup(void);
 166:Generated_Source\PSoC4/cyfitter_cfg.c **** CY_CFG_SECTION
 167:Generated_Source\PSoC4/cyfitter_cfg.c **** static void ClockSetup(void)
 168:Generated_Source\PSoC4/cyfitter_cfg.c **** {
 137              		.loc 1 168 0
 138              		.cfi_startproc
 139              		@ args = 0, pretend = 0, frame = 0
 140              		@ frame_needed = 1, uses_anonymous_args = 0
 141 0000 80B5     		push	{r7, lr}
 142              		.cfi_def_cfa_offset 8
 143              		.cfi_offset 7, -8
 144              		.cfi_offset 14, -4
 145 0002 00AF     		add	r7, sp, #0
 146              		.cfi_def_cfa_register 7
 169:Generated_Source\PSoC4/cyfitter_cfg.c **** 
 170:Generated_Source\PSoC4/cyfitter_cfg.c **** 	/* Set Flash Cycles based on max possible frequency in case a glitch occurs during ClockSetup(). *
 171:Generated_Source\PSoC4/cyfitter_cfg.c **** 	CY_SET_REG32((void CYXDATA *)(CYREG_CPUSS_FLASH_CTL), (0x0012u));
 147              		.loc 1 171 0
 148 0004 244B     		ldr	r3, .L5
 149 0006 1222     		movs	r2, #18
 150 0008 1A60     		str	r2, [r3]
 172:Generated_Source\PSoC4/cyfitter_cfg.c **** 
 173:Generated_Source\PSoC4/cyfitter_cfg.c **** 	/* Start the WCO */
 174:Generated_Source\PSoC4/cyfitter_cfg.c **** 	CySysClkWcoStart();
 151              		.loc 1 174 0
 152 000a FFF7FEFF 		bl	CySysClkWcoStart
 175:Generated_Source\PSoC4/cyfitter_cfg.c **** 	CyDelayCycles(12000000u); /* WCO may take up to 500ms to start */
 153              		.loc 1 175 0
 154 000e 234B     		ldr	r3, .L5+4
 155 0010 1800     		movs	r0, r3
 156 0012 FFF7FEFF 		bl	CyDelayCycles
 176:Generated_Source\PSoC4/cyfitter_cfg.c **** 	(void)CySysClkWcoSetPowerMode(CY_SYS_CLK_WCO_LPM);    /* Switch to the low power mode */
 157              		.loc 1 176 0
 158 0016 0120     		movs	r0, #1
 159 0018 FFF7FEFF 		bl	CySysClkWcoSetPowerMode
 177:Generated_Source\PSoC4/cyfitter_cfg.c **** 
 178:Generated_Source\PSoC4/cyfitter_cfg.c **** 	/* Setup and trim IMO based on desired frequency. */
 179:Generated_Source\PSoC4/cyfitter_cfg.c **** 	CySysClkWriteImoFreq(48u);
 160              		.loc 1 179 0
 161 001c 3020     		movs	r0, #48
 162 001e FFF7FEFF 		bl	CySysClkWriteImoFreq
 180:Generated_Source\PSoC4/cyfitter_cfg.c **** 	/* CYDEV_CLK_ILO_CONFIG Starting address: CYDEV_CLK_ILO_CONFIG */
ARM GAS  C:\Users\BENAKA~1\AppData\Local\Temp\ccQH2Ucr.s 			page 7


 181:Generated_Source\PSoC4/cyfitter_cfg.c **** 	CY_SET_REG32((void *)(CYREG_CLK_ILO_CONFIG), 0x80000006u);
 163              		.loc 1 181 0
 164 0022 1F4B     		ldr	r3, .L5+8
 165 0024 1F4A     		ldr	r2, .L5+12
 166 0026 1A60     		str	r2, [r3]
 182:Generated_Source\PSoC4/cyfitter_cfg.c **** 
 183:Generated_Source\PSoC4/cyfitter_cfg.c **** 	/* CYDEV_WDT_CONFIG Starting address: CYDEV_WDT_CONFIG */
 184:Generated_Source\PSoC4/cyfitter_cfg.c **** 	CY_SET_REG32((void *)(CYREG_WDT_CONFIG), 0x40000000u);
 167              		.loc 1 184 0
 168 0028 1F4B     		ldr	r3, .L5+16
 169 002a 8022     		movs	r2, #128
 170 002c D205     		lsls	r2, r2, #23
 171 002e 1A60     		str	r2, [r3]
 185:Generated_Source\PSoC4/cyfitter_cfg.c **** 
 186:Generated_Source\PSoC4/cyfitter_cfg.c **** 
 187:Generated_Source\PSoC4/cyfitter_cfg.c **** 	/* Enable fast start mode for XO */
 188:Generated_Source\PSoC4/cyfitter_cfg.c **** 	CY_SET_REG32((void*)CYREG_BLE_BLERD_BB_XO, CY_GET_REG32((void*)CYREG_BLE_BLERD_BB_XO) | (uint32)0x
 172              		.loc 1 188 0
 173 0030 1E4B     		ldr	r3, .L5+20
 174 0032 1E4A     		ldr	r2, .L5+20
 175 0034 1268     		ldr	r2, [r2]
 176 0036 0221     		movs	r1, #2
 177 0038 0A43     		orrs	r2, r1
 178 003a 1A60     		str	r2, [r3]
 189:Generated_Source\PSoC4/cyfitter_cfg.c **** 	CY_SET_REG32((void *)(CYREG_BLE_BLERD_BB_XO_CAPTRIM), 0x00002D6Au);
 179              		.loc 1 189 0
 180 003c 1C4B     		ldr	r3, .L5+24
 181 003e 1D4A     		ldr	r2, .L5+28
 182 0040 1A60     		str	r2, [r3]
 190:Generated_Source\PSoC4/cyfitter_cfg.c **** 	/*Set XTAL(ECO) divider*/
 191:Generated_Source\PSoC4/cyfitter_cfg.c **** 	CY_SET_REG32((void *)(CYREG_BLE_BLESS_XTAL_CLK_DIV_CONFIG), 0x00000000u);
 183              		.loc 1 191 0
 184 0042 1D4B     		ldr	r3, .L5+32
 185 0044 0022     		movs	r2, #0
 186 0046 1A60     		str	r2, [r3]
 192:Generated_Source\PSoC4/cyfitter_cfg.c **** 	/* Disable Crystal Stable Interrupt before enabling ECO */
 193:Generated_Source\PSoC4/cyfitter_cfg.c **** 	CY_SET_REG32((void*)CYREG_BLE_BLESS_LL_DSM_CTRL, CY_GET_REG32((void*)CYREG_BLE_BLESS_LL_DSM_CTRL) 
 187              		.loc 1 193 0
 188 0048 1C4B     		ldr	r3, .L5+36
 189 004a 1C4A     		ldr	r2, .L5+36
 190 004c 1268     		ldr	r2, [r2]
 191 004e 0821     		movs	r1, #8
 192 0050 8A43     		bics	r2, r1
 193 0052 1A60     		str	r2, [r3]
 194:Generated_Source\PSoC4/cyfitter_cfg.c **** 	/* Start the ECO and do not check status since it is not needed for HFCLK */
 195:Generated_Source\PSoC4/cyfitter_cfg.c **** 	(void)CySysClkEcoStart(2000u);
 194              		.loc 1 195 0
 195 0054 FA23     		movs	r3, #250
 196 0056 DB00     		lsls	r3, r3, #3
 197 0058 1800     		movs	r0, r3
 198 005a FFF7FEFF 		bl	CySysClkEcoStart
 196:Generated_Source\PSoC4/cyfitter_cfg.c **** 	CyDelayUs(1500u); /* Wait to stabilize */
 199              		.loc 1 196 0
 200 005e 184B     		ldr	r3, .L5+40
 201 0060 1800     		movs	r0, r3
 202 0062 FFF7FEFF 		bl	CyDelayUs
 197:Generated_Source\PSoC4/cyfitter_cfg.c **** 
ARM GAS  C:\Users\BENAKA~1\AppData\Local\Temp\ccQH2Ucr.s 			page 8


 198:Generated_Source\PSoC4/cyfitter_cfg.c **** 	/* Setup phase aligned clocks */
 199:Generated_Source\PSoC4/cyfitter_cfg.c **** 	CY_SET_REG32((void *)CYREG_PERI_DIV_16_CTL0, 0x00001900u);
 203              		.loc 1 199 0
 204 0066 174B     		ldr	r3, .L5+44
 205 0068 C822     		movs	r2, #200
 206 006a 5201     		lsls	r2, r2, #5
 207 006c 1A60     		str	r2, [r3]
 200:Generated_Source\PSoC4/cyfitter_cfg.c **** 	CY_SET_REG32((void *)CYREG_PERI_DIV_CMD, 0x8000FF40u);
 208              		.loc 1 200 0
 209 006e 164B     		ldr	r3, .L5+48
 210 0070 164A     		ldr	r2, .L5+52
 211 0072 1A60     		str	r2, [r3]
 201:Generated_Source\PSoC4/cyfitter_cfg.c **** 
 202:Generated_Source\PSoC4/cyfitter_cfg.c **** 	/* CYDEV_CLK_IMO_CONFIG Starting address: CYDEV_CLK_IMO_CONFIG */
 203:Generated_Source\PSoC4/cyfitter_cfg.c **** 	CY_SET_REG32((void *)(CYREG_CLK_IMO_CONFIG), 0x80000000u);
 212              		.loc 1 203 0
 213 0074 164B     		ldr	r3, .L5+56
 214 0076 8022     		movs	r2, #128
 215 0078 1206     		lsls	r2, r2, #24
 216 007a 1A60     		str	r2, [r3]
 204:Generated_Source\PSoC4/cyfitter_cfg.c **** 
 205:Generated_Source\PSoC4/cyfitter_cfg.c **** 	/* CYDEV_CLK_SELECT Starting address: CYDEV_CLK_SELECT */
 206:Generated_Source\PSoC4/cyfitter_cfg.c **** 	CY_SET_REG32((void *)(CYREG_CLK_SELECT), 0x00040000u);
 217              		.loc 1 206 0
 218 007c 154B     		ldr	r3, .L5+60
 219 007e 8022     		movs	r2, #128
 220 0080 D202     		lsls	r2, r2, #11
 221 0082 1A60     		str	r2, [r3]
 207:Generated_Source\PSoC4/cyfitter_cfg.c **** 
 208:Generated_Source\PSoC4/cyfitter_cfg.c **** 	/* CYDEV_PERI_PCLK_CTL1 Starting address: CYDEV_PERI_PCLK_CTL1 */
 209:Generated_Source\PSoC4/cyfitter_cfg.c **** 	CY_SET_REG32((void *)(CYREG_PERI_PCLK_CTL1), 0x00000040u);
 222              		.loc 1 209 0
 223 0084 144B     		ldr	r3, .L5+64
 224 0086 4022     		movs	r2, #64
 225 0088 1A60     		str	r2, [r3]
 210:Generated_Source\PSoC4/cyfitter_cfg.c **** 
 211:Generated_Source\PSoC4/cyfitter_cfg.c **** 	CY_SET_REG32((void *)(CYREG_WDT_CONFIG), 0x40000000u);
 226              		.loc 1 211 0
 227 008a 074B     		ldr	r3, .L5+16
 228 008c 8022     		movs	r2, #128
 229 008e D205     		lsls	r2, r2, #23
 230 0090 1A60     		str	r2, [r3]
 212:Generated_Source\PSoC4/cyfitter_cfg.c **** }
 231              		.loc 1 212 0
 232 0092 C046     		nop
 233 0094 BD46     		mov	sp, r7
 234              		@ sp needed
 235 0096 80BD     		pop	{r7, pc}
 236              	.L6:
 237              		.align	2
 238              	.L5:
 239 0098 30001040 		.word	1074790448
 240 009c 001BB700 		.word	12000000
 241 00a0 04010B40 		.word	1074462980
 242 00a4 06000080 		.word	-2147483642
 243 00a8 0C020B40 		.word	1074463244
 244 00ac 78002E40 		.word	1076756600
ARM GAS  C:\Users\BENAKA~1\AppData\Local\Temp\ccQH2Ucr.s 			page 9


 245 00b0 7C002E40 		.word	1076756604
 246 00b4 6A2D0000 		.word	11626
 247 00b8 64F02E40 		.word	1076818020
 248 00bc 6CF02E40 		.word	1076818028
 249 00c0 DC050000 		.word	1500
 250 00c4 00030140 		.word	1073808128
 251 00c8 00000140 		.word	1073807360
 252 00cc 40FF0080 		.word	-2147418304
 253 00d0 08010B40 		.word	1074462984
 254 00d4 00010B40 		.word	1074462976
 255 00d8 04010140 		.word	1073807620
 256              		.cfi_endproc
 257              	.LFE5:
 258              		.size	ClockSetup, .-ClockSetup
 259              		.section	.text.AnalogSetDefault,"ax",%progbits
 260              		.align	2
 261              		.code	16
 262              		.thumb_func
 263              		.type	AnalogSetDefault, %function
 264              	AnalogSetDefault:
 265              	.LFB6:
 213:Generated_Source\PSoC4/cyfitter_cfg.c **** 
 214:Generated_Source\PSoC4/cyfitter_cfg.c **** 
 215:Generated_Source\PSoC4/cyfitter_cfg.c **** /* Analog API Functions */
 216:Generated_Source\PSoC4/cyfitter_cfg.c **** 
 217:Generated_Source\PSoC4/cyfitter_cfg.c **** 
 218:Generated_Source\PSoC4/cyfitter_cfg.c **** /*******************************************************************************
 219:Generated_Source\PSoC4/cyfitter_cfg.c **** * Function Name: AnalogSetDefault
 220:Generated_Source\PSoC4/cyfitter_cfg.c **** ********************************************************************************
 221:Generated_Source\PSoC4/cyfitter_cfg.c **** *
 222:Generated_Source\PSoC4/cyfitter_cfg.c **** * Summary:
 223:Generated_Source\PSoC4/cyfitter_cfg.c **** *  Sets up the analog portions of the chip to default values based on chip
 224:Generated_Source\PSoC4/cyfitter_cfg.c **** *  configuration options from the project.
 225:Generated_Source\PSoC4/cyfitter_cfg.c **** *
 226:Generated_Source\PSoC4/cyfitter_cfg.c **** * Parameters:
 227:Generated_Source\PSoC4/cyfitter_cfg.c **** *  void
 228:Generated_Source\PSoC4/cyfitter_cfg.c **** *
 229:Generated_Source\PSoC4/cyfitter_cfg.c **** * Return:
 230:Generated_Source\PSoC4/cyfitter_cfg.c **** *  void
 231:Generated_Source\PSoC4/cyfitter_cfg.c **** *
 232:Generated_Source\PSoC4/cyfitter_cfg.c **** *******************************************************************************/
 233:Generated_Source\PSoC4/cyfitter_cfg.c **** static void AnalogSetDefault(void);
 234:Generated_Source\PSoC4/cyfitter_cfg.c **** static void AnalogSetDefault(void)
 235:Generated_Source\PSoC4/cyfitter_cfg.c **** {
 266              		.loc 1 235 0
 267              		.cfi_startproc
 268              		@ args = 0, pretend = 0, frame = 0
 269              		@ frame_needed = 1, uses_anonymous_args = 0
 270 0000 80B5     		push	{r7, lr}
 271              		.cfi_def_cfa_offset 8
 272              		.cfi_offset 7, -8
 273              		.cfi_offset 14, -4
 274 0002 00AF     		add	r7, sp, #0
 275              		.cfi_def_cfa_register 7
 236:Generated_Source\PSoC4/cyfitter_cfg.c **** 	CY_SET_XTND_REG32((void CYFAR *)CYREG_CTBM0_DFT_CTRL, 0x00000003u);
 276              		.loc 1 236 0
 277 0004 054B     		ldr	r3, .L8
ARM GAS  C:\Users\BENAKA~1\AppData\Local\Temp\ccQH2Ucr.s 			page 10


 278 0006 0322     		movs	r2, #3
 279 0008 1A60     		str	r2, [r3]
 237:Generated_Source\PSoC4/cyfitter_cfg.c **** 	CY_SET_XTND_REG32((void CYFAR *)CYREG_CTBM1_DFT_CTRL, 0x00000003u);
 280              		.loc 1 237 0
 281 000a 054B     		ldr	r3, .L8+4
 282 000c 0322     		movs	r2, #3
 283 000e 1A60     		str	r2, [r3]
 238:Generated_Source\PSoC4/cyfitter_cfg.c **** 	CY_SET_XTND_REG32((void CYFAR *)CYREG_PASS_DSAB_DSAB_CTRL, 0x00000000u);
 284              		.loc 1 238 0
 285 0010 044B     		ldr	r3, .L8+8
 286 0012 0022     		movs	r2, #0
 287 0014 1A60     		str	r2, [r3]
 239:Generated_Source\PSoC4/cyfitter_cfg.c **** }
 288              		.loc 1 239 0
 289 0016 C046     		nop
 290 0018 BD46     		mov	sp, r7
 291              		@ sp needed
 292 001a 80BD     		pop	{r7, pc}
 293              	.L9:
 294              		.align	2
 295              	.L8:
 296 001c 30003040 		.word	1076887600
 297 0020 30003140 		.word	1076953136
 298 0024 000E3F40 		.word	1077874176
 299              		.cfi_endproc
 300              	.LFE6:
 301              		.size	AnalogSetDefault, .-AnalogSetDefault
 302              		.section	.psocinit
 303              		.align	2
 304              		.global	cyfitter_cfg
 305              		.code	16
 306              		.thumb_func
 307              		.type	cyfitter_cfg, %function
 308              	cyfitter_cfg:
 309              	.LFB7:
 240:Generated_Source\PSoC4/cyfitter_cfg.c **** 
 241:Generated_Source\PSoC4/cyfitter_cfg.c **** 
 242:Generated_Source\PSoC4/cyfitter_cfg.c **** 
 243:Generated_Source\PSoC4/cyfitter_cfg.c **** 
 244:Generated_Source\PSoC4/cyfitter_cfg.c **** /*******************************************************************************
 245:Generated_Source\PSoC4/cyfitter_cfg.c **** * Function Name: cyfitter_cfg
 246:Generated_Source\PSoC4/cyfitter_cfg.c **** ********************************************************************************
 247:Generated_Source\PSoC4/cyfitter_cfg.c **** * Summary:
 248:Generated_Source\PSoC4/cyfitter_cfg.c **** *  This function is called by the start-up code for the selected device. It
 249:Generated_Source\PSoC4/cyfitter_cfg.c **** *  performs all of the necessary device configuration based on the design
 250:Generated_Source\PSoC4/cyfitter_cfg.c **** *  settings.  This includes settings from the Design Wide Resources (DWR) such
 251:Generated_Source\PSoC4/cyfitter_cfg.c **** *  as Clocks and Pins as well as any component configuration that is necessary.
 252:Generated_Source\PSoC4/cyfitter_cfg.c **** *
 253:Generated_Source\PSoC4/cyfitter_cfg.c **** * Parameters:
 254:Generated_Source\PSoC4/cyfitter_cfg.c **** *   void
 255:Generated_Source\PSoC4/cyfitter_cfg.c **** *
 256:Generated_Source\PSoC4/cyfitter_cfg.c **** * Return:
 257:Generated_Source\PSoC4/cyfitter_cfg.c **** *   void
 258:Generated_Source\PSoC4/cyfitter_cfg.c **** *
 259:Generated_Source\PSoC4/cyfitter_cfg.c **** *******************************************************************************/
 260:Generated_Source\PSoC4/cyfitter_cfg.c **** CY_CFG_SECTION
 261:Generated_Source\PSoC4/cyfitter_cfg.c **** void cyfitter_cfg(void)
ARM GAS  C:\Users\BENAKA~1\AppData\Local\Temp\ccQH2Ucr.s 			page 11


 262:Generated_Source\PSoC4/cyfitter_cfg.c **** {
 310              		.loc 1 262 0
 311              		.cfi_startproc
 312              		@ args = 0, pretend = 0, frame = 8
 313              		@ frame_needed = 1, uses_anonymous_args = 0
 314 00dc 80B5     		push	{r7, lr}
 315              		.cfi_def_cfa_offset 8
 316              		.cfi_offset 7, -8
 317              		.cfi_offset 14, -4
 318 00de 82B0     		sub	sp, sp, #8
 319              		.cfi_def_cfa_offset 16
 320 00e0 00AF     		add	r7, sp, #0
 321              		.cfi_def_cfa_register 7
 263:Generated_Source\PSoC4/cyfitter_cfg.c **** 	/* Disable interrupts by default. Let user enable if/when they want. */
 264:Generated_Source\PSoC4/cyfitter_cfg.c **** 	CyGlobalIntDisable;
 322              		.loc 1 264 0
 323              		.syntax divided
 324              	@ 264 "Generated_Source\PSoC4\cyfitter_cfg.c" 1
 325 00e2 72B6     		CPSID   i
 326              	@ 0 "" 2
 265:Generated_Source\PSoC4/cyfitter_cfg.c **** 
 266:Generated_Source\PSoC4/cyfitter_cfg.c **** 	CY_SET_REG32((void *)(CYREG_BLE_BLESS_LL_DSM_CTRL), 0x00000000u);
 327              		.loc 1 266 0
 328              		.thumb
 329              		.syntax unified
 330 00e4 334B     		ldr	r3, .L13
 331 00e6 0022     		movs	r2, #0
 332 00e8 1A60     		str	r2, [r3]
 333              	.LBB2:
 267:Generated_Source\PSoC4/cyfitter_cfg.c **** 
 268:Generated_Source\PSoC4/cyfitter_cfg.c **** 	{
 269:Generated_Source\PSoC4/cyfitter_cfg.c **** 
 270:Generated_Source\PSoC4/cyfitter_cfg.c **** 		CYPACKED typedef struct {
 271:Generated_Source\PSoC4/cyfitter_cfg.c **** 			void CYFAR *address;
 272:Generated_Source\PSoC4/cyfitter_cfg.c **** 			uint16 size;
 273:Generated_Source\PSoC4/cyfitter_cfg.c **** 		} CYPACKED_ATTR cfg_memset_t;
 274:Generated_Source\PSoC4/cyfitter_cfg.c **** 
 275:Generated_Source\PSoC4/cyfitter_cfg.c **** 		static const cfg_memset_t CYCODE cfg_memset_list[] = {
 276:Generated_Source\PSoC4/cyfitter_cfg.c **** 			/* address, size */
 277:Generated_Source\PSoC4/cyfitter_cfg.c **** 			{(void CYFAR *)(CYDEV_UDB_P0_U0_BASE), 1024u},
 278:Generated_Source\PSoC4/cyfitter_cfg.c **** 			{(void CYFAR *)(CYDEV_UDB_DSI0_BASE), 1024u},
 279:Generated_Source\PSoC4/cyfitter_cfg.c **** 		};
 280:Generated_Source\PSoC4/cyfitter_cfg.c **** 
 281:Generated_Source\PSoC4/cyfitter_cfg.c **** 		uint8 CYDATA i;
 282:Generated_Source\PSoC4/cyfitter_cfg.c **** 
 283:Generated_Source\PSoC4/cyfitter_cfg.c **** 		/* Zero out critical memory blocks before beginning configuration */
 284:Generated_Source\PSoC4/cyfitter_cfg.c **** 		for (i = 0u; i < (sizeof(cfg_memset_list)/sizeof(cfg_memset_list[0])); i++)
 334              		.loc 1 284 0
 335 00ea FB1D     		adds	r3, r7, #7
 336 00ec 0022     		movs	r2, #0
 337 00ee 1A70     		strb	r2, [r3]
 338 00f0 22E0     		b	.L11
 339              	.L12:
 340              	.LBB3:
 285:Generated_Source\PSoC4/cyfitter_cfg.c **** 		{
 286:Generated_Source\PSoC4/cyfitter_cfg.c **** 			const cfg_memset_t CYCODE * CYDATA ms = &cfg_memset_list[i];
 341              		.loc 1 286 0 discriminator 3
ARM GAS  C:\Users\BENAKA~1\AppData\Local\Temp\ccQH2Ucr.s 			page 12


 342 00f2 FB1D     		adds	r3, r7, #7
 343 00f4 1A78     		ldrb	r2, [r3]
 344 00f6 1300     		movs	r3, r2
 345 00f8 5B00     		lsls	r3, r3, #1
 346 00fa 9B18     		adds	r3, r3, r2
 347 00fc 5B00     		lsls	r3, r3, #1
 348 00fe 2E4A     		ldr	r2, .L13+4
 349 0100 9B18     		adds	r3, r3, r2
 350 0102 3B60     		str	r3, [r7]
 287:Generated_Source\PSoC4/cyfitter_cfg.c **** 			CYMEMZERO(ms->address, (size_t)(uint32)(ms->size));
 351              		.loc 1 287 0 discriminator 3
 352 0104 3B68     		ldr	r3, [r7]
 353 0106 1A78     		ldrb	r2, [r3]
 354 0108 5978     		ldrb	r1, [r3, #1]
 355 010a 0902     		lsls	r1, r1, #8
 356 010c 0A43     		orrs	r2, r1
 357 010e 9978     		ldrb	r1, [r3, #2]
 358 0110 0904     		lsls	r1, r1, #16
 359 0112 0A43     		orrs	r2, r1
 360 0114 DB78     		ldrb	r3, [r3, #3]
 361 0116 1B06     		lsls	r3, r3, #24
 362 0118 1343     		orrs	r3, r2
 363 011a 1800     		movs	r0, r3
 364 011c 3B68     		ldr	r3, [r7]
 365 011e 1A79     		ldrb	r2, [r3, #4]
 366 0120 5B79     		ldrb	r3, [r3, #5]
 367 0122 1B02     		lsls	r3, r3, #8
 368 0124 1343     		orrs	r3, r2
 369 0126 9BB2     		uxth	r3, r3
 370 0128 1900     		movs	r1, r3
 371 012a FFF7FEFF 		bl	CYMEMZERO
 372              	.LBE3:
 284:Generated_Source\PSoC4/cyfitter_cfg.c **** 		{
 373              		.loc 1 284 0 discriminator 3
 374 012e FB1D     		adds	r3, r7, #7
 375 0130 1A78     		ldrb	r2, [r3]
 376 0132 FB1D     		adds	r3, r7, #7
 377 0134 0132     		adds	r2, r2, #1
 378 0136 1A70     		strb	r2, [r3]
 379              	.L11:
 284:Generated_Source\PSoC4/cyfitter_cfg.c **** 		{
 380              		.loc 1 284 0 is_stmt 0 discriminator 1
 381 0138 FB1D     		adds	r3, r7, #7
 382 013a 1B78     		ldrb	r3, [r3]
 383 013c 012B     		cmp	r3, #1
 384 013e D8D9     		bls	.L12
 288:Generated_Source\PSoC4/cyfitter_cfg.c **** 		}
 289:Generated_Source\PSoC4/cyfitter_cfg.c **** 
 290:Generated_Source\PSoC4/cyfitter_cfg.c **** 		/* HSIOM Starting address: CYDEV_HSIOM_BASE */
 291:Generated_Source\PSoC4/cyfitter_cfg.c **** 		CY_SET_REG32((void *)(CYDEV_HSIOM_BASE), 0xEE000000u);
 385              		.loc 1 291 0 is_stmt 1
 386 0140 1E4B     		ldr	r3, .L13+8
 387 0142 EE22     		movs	r2, #238
 388 0144 1206     		lsls	r2, r2, #24
 389 0146 1A60     		str	r2, [r3]
 292:Generated_Source\PSoC4/cyfitter_cfg.c **** 		CY_SET_REG32((void *)(CYREG_HSIOM_PORT_SEL1), 0x00990000u);
 390              		.loc 1 292 0
ARM GAS  C:\Users\BENAKA~1\AppData\Local\Temp\ccQH2Ucr.s 			page 13


 391 0148 1D4B     		ldr	r3, .L13+12
 392 014a 9922     		movs	r2, #153
 393 014c 1204     		lsls	r2, r2, #16
 394 014e 1A60     		str	r2, [r3]
 293:Generated_Source\PSoC4/cyfitter_cfg.c **** 
 294:Generated_Source\PSoC4/cyfitter_cfg.c **** 		/* UDB_PA_0 Starting address: CYDEV_UDB_PA0_BASE */
 295:Generated_Source\PSoC4/cyfitter_cfg.c **** 		CY_SET_REG32((void *)(CYDEV_UDB_PA0_BASE), 0x00990000u);
 395              		.loc 1 295 0
 396 0150 1C4B     		ldr	r3, .L13+16
 397 0152 9922     		movs	r2, #153
 398 0154 1204     		lsls	r2, r2, #16
 399 0156 1A60     		str	r2, [r3]
 296:Generated_Source\PSoC4/cyfitter_cfg.c **** 
 297:Generated_Source\PSoC4/cyfitter_cfg.c **** 		/* UDB_PA_1 Starting address: CYDEV_UDB_PA1_BASE */
 298:Generated_Source\PSoC4/cyfitter_cfg.c **** 		CY_SET_REG32((void *)(CYDEV_UDB_PA1_BASE), 0x00990000u);
 400              		.loc 1 298 0
 401 0158 1B4B     		ldr	r3, .L13+20
 402 015a 9922     		movs	r2, #153
 403 015c 1204     		lsls	r2, r2, #16
 404 015e 1A60     		str	r2, [r3]
 299:Generated_Source\PSoC4/cyfitter_cfg.c **** 
 300:Generated_Source\PSoC4/cyfitter_cfg.c **** 		/* UDB_PA_3 Starting address: CYDEV_UDB_PA3_BASE */
 301:Generated_Source\PSoC4/cyfitter_cfg.c **** 		CY_SET_REG32((void *)(CYDEV_UDB_PA3_BASE), 0x00990000u);
 405              		.loc 1 301 0
 406 0160 1A4B     		ldr	r3, .L13+24
 407 0162 9922     		movs	r2, #153
 408 0164 1204     		lsls	r2, r2, #16
 409 0166 1A60     		str	r2, [r3]
 302:Generated_Source\PSoC4/cyfitter_cfg.c **** 
 303:Generated_Source\PSoC4/cyfitter_cfg.c **** 		/* Enable digital routing */
 304:Generated_Source\PSoC4/cyfitter_cfg.c **** 		CY_SET_XTND_REG8((void *)CYREG_UDB_UDBIF_BANK_CTL, (uint8)(CY_GET_XTND_REG8((void *)CYREG_UDB_UDB
 410              		.loc 1 304 0
 411 0168 194A     		ldr	r2, .L13+28
 412 016a 194B     		ldr	r3, .L13+28
 413 016c 1B78     		ldrb	r3, [r3]
 414 016e DBB2     		uxtb	r3, r3
 415 0170 0621     		movs	r1, #6
 416 0172 0B43     		orrs	r3, r1
 417 0174 DBB2     		uxtb	r3, r3
 418 0176 1370     		strb	r3, [r2]
 419              	.LBE2:
 305:Generated_Source\PSoC4/cyfitter_cfg.c **** 	}
 306:Generated_Source\PSoC4/cyfitter_cfg.c **** 
 307:Generated_Source\PSoC4/cyfitter_cfg.c **** 	/* Perform second pass device configuration. These items must be configured in specific order afte
 308:Generated_Source\PSoC4/cyfitter_cfg.c **** 	/* IOPINS0_0 Starting address: CYDEV_GPIO_PRT0_BASE */
 309:Generated_Source\PSoC4/cyfitter_cfg.c **** 	CY_SET_REG32((void *)(CYREG_GPIO_PRT0_PC), 0x00D80000u);
 420              		.loc 1 309 0
 421 0178 164B     		ldr	r3, .L13+32
 422 017a D822     		movs	r2, #216
 423 017c 1204     		lsls	r2, r2, #16
 424 017e 1A60     		str	r2, [r3]
 310:Generated_Source\PSoC4/cyfitter_cfg.c **** 
 311:Generated_Source\PSoC4/cyfitter_cfg.c **** 	/* IOPINS0_1 Starting address: CYDEV_GPIO_PRT1_BASE */
 312:Generated_Source\PSoC4/cyfitter_cfg.c **** 	CY_SET_REG32((void *)(CYDEV_GPIO_PRT1_BASE), 0x00000020u);
 425              		.loc 1 312 0
 426 0180 154B     		ldr	r3, .L13+36
 427 0182 2022     		movs	r2, #32
ARM GAS  C:\Users\BENAKA~1\AppData\Local\Temp\ccQH2Ucr.s 			page 14


 428 0184 1A60     		str	r2, [r3]
 313:Generated_Source\PSoC4/cyfitter_cfg.c **** 	CY_SET_REG32((void *)(CYREG_GPIO_PRT1_PC), 0x00031000u);
 429              		.loc 1 313 0
 430 0186 154B     		ldr	r3, .L13+40
 431 0188 C422     		movs	r2, #196
 432 018a 9202     		lsls	r2, r2, #10
 433 018c 1A60     		str	r2, [r3]
 314:Generated_Source\PSoC4/cyfitter_cfg.c **** 	CY_SET_REG32((void *)(CYREG_GPIO_PRT1_PC2), 0x00000020u);
 434              		.loc 1 314 0
 435 018e 144B     		ldr	r3, .L13+44
 436 0190 2022     		movs	r2, #32
 437 0192 1A60     		str	r2, [r3]
 315:Generated_Source\PSoC4/cyfitter_cfg.c **** 
 316:Generated_Source\PSoC4/cyfitter_cfg.c **** 	/* IOPINS0_3 Starting address: CYDEV_GPIO_PRT3_BASE */
 317:Generated_Source\PSoC4/cyfitter_cfg.c **** 	CY_SET_REG32((void *)(CYDEV_GPIO_PRT3_BASE), 0x00000008u);
 438              		.loc 1 317 0
 439 0194 134B     		ldr	r3, .L13+48
 440 0196 0822     		movs	r2, #8
 441 0198 1A60     		str	r2, [r3]
 318:Generated_Source\PSoC4/cyfitter_cfg.c **** 	CY_SET_REG32((void *)(CYREG_GPIO_PRT3_PC), 0x00000800u);
 442              		.loc 1 318 0
 443 019a 134B     		ldr	r3, .L13+52
 444 019c 8022     		movs	r2, #128
 445 019e 1201     		lsls	r2, r2, #4
 446 01a0 1A60     		str	r2, [r3]
 319:Generated_Source\PSoC4/cyfitter_cfg.c **** 
 320:Generated_Source\PSoC4/cyfitter_cfg.c **** 
 321:Generated_Source\PSoC4/cyfitter_cfg.c **** 	/* Setup clocks based on selections from Clock DWR */
 322:Generated_Source\PSoC4/cyfitter_cfg.c **** 	ClockSetup();
 447              		.loc 1 322 0
 448 01a2 FFF72DFF 		bl	ClockSetup
 323:Generated_Source\PSoC4/cyfitter_cfg.c **** 
 324:Generated_Source\PSoC4/cyfitter_cfg.c **** 	/* Perform basic analog initialization to defaults */
 325:Generated_Source\PSoC4/cyfitter_cfg.c **** 	AnalogSetDefault();
 449              		.loc 1 325 0
 450 01a6 FFF7FEFF 		bl	AnalogSetDefault
 326:Generated_Source\PSoC4/cyfitter_cfg.c **** 
 327:Generated_Source\PSoC4/cyfitter_cfg.c **** }
 451              		.loc 1 327 0
 452 01aa C046     		nop
 453 01ac BD46     		mov	sp, r7
 454 01ae 02B0     		add	sp, sp, #8
 455              		@ sp needed
 456 01b0 80BD     		pop	{r7, pc}
 457              	.L14:
 458 01b2 C046     		.align	2
 459              	.L13:
 460 01b4 6CF02E40 		.word	1076818028
 461 01b8 00000000 		.word	cfg_memset_list.4893
 462 01bc 00000240 		.word	1073872896
 463 01c0 00010240 		.word	1073873152
 464 01c4 00500F40 		.word	1074745344
 465 01c8 10500F40 		.word	1074745360
 466 01cc 30500F40 		.word	1074745392
 467 01d0 00700F40 		.word	1074753536
 468 01d4 08000440 		.word	1074003976
 469 01d8 00010440 		.word	1074004224
ARM GAS  C:\Users\BENAKA~1\AppData\Local\Temp\ccQH2Ucr.s 			page 15


 470 01dc 08010440 		.word	1074004232
 471 01e0 18010440 		.word	1074004248
 472 01e4 00030440 		.word	1074004736
 473 01e8 08030440 		.word	1074004744
 474              		.cfi_endproc
 475              	.LFE7:
 476              		.size	cyfitter_cfg, .-cyfitter_cfg
 477              		.section	.rodata
 478              		.align	2
 479              		.type	cfg_memset_list.4893, %object
 480              		.size	cfg_memset_list.4893, 12
 481              	cfg_memset_list.4893:
 482 0000 00300F40 		.word	1074737152
 483 0004 0004     		.short	1024
 484 0006 00400F40 		.4byte	1074741248
 485 000a 0004     		.short	1024
 486              		.text
 487              	.Letext0:
 488              		.file 2 "c:\\program files (x86)\\cypress\\psoc creator\\4.2\\psoc creator\\import\\gnu\\arm\\5.4.
 489              		.file 3 "Generated_Source\\PSoC4\\cytypes.h"
 490              		.section	.debug_info,"",%progbits
 491              	.Ldebug_info0:
 492 0000 55020000 		.4byte	0x255
 493 0004 0400     		.2byte	0x4
 494 0006 00000000 		.4byte	.Ldebug_abbrev0
 495 000a 04       		.byte	0x4
 496 000b 01       		.uleb128 0x1
 497 000c 1F010000 		.4byte	.LASF30
 498 0010 0C       		.byte	0xc
 499 0011 5D020000 		.4byte	.LASF31
 500 0015 4C000000 		.4byte	.LASF32
 501 0019 00000000 		.4byte	.Ldebug_ranges0+0
 502 001d 00000000 		.4byte	0
 503 0021 00000000 		.4byte	.Ldebug_line0
 504 0025 02       		.uleb128 0x2
 505 0026 04       		.byte	0x4
 506 0027 05       		.byte	0x5
 507 0028 696E7400 		.ascii	"int\000"
 508 002c 03       		.uleb128 0x3
 509 002d 06000000 		.4byte	.LASF12
 510 0031 02       		.byte	0x2
 511 0032 D8       		.byte	0xd8
 512 0033 37000000 		.4byte	0x37
 513 0037 04       		.uleb128 0x4
 514 0038 04       		.byte	0x4
 515 0039 07       		.byte	0x7
 516 003a DD010000 		.4byte	.LASF0
 517 003e 04       		.uleb128 0x4
 518 003f 08       		.byte	0x8
 519 0040 05       		.byte	0x5
 520 0041 1F020000 		.4byte	.LASF1
 521 0045 04       		.uleb128 0x4
 522 0046 08       		.byte	0x8
 523 0047 04       		.byte	0x4
 524 0048 45020000 		.4byte	.LASF2
 525 004c 04       		.uleb128 0x4
 526 004d 01       		.byte	0x1
ARM GAS  C:\Users\BENAKA~1\AppData\Local\Temp\ccQH2Ucr.s 			page 16


 527 004e 06       		.byte	0x6
 528 004f 51020000 		.4byte	.LASF3
 529 0053 04       		.uleb128 0x4
 530 0054 01       		.byte	0x1
 531 0055 08       		.byte	0x8
 532 0056 AD010000 		.4byte	.LASF4
 533 005a 04       		.uleb128 0x4
 534 005b 02       		.byte	0x2
 535 005c 05       		.byte	0x5
 536 005d 32020000 		.4byte	.LASF5
 537 0061 04       		.uleb128 0x4
 538 0062 02       		.byte	0x2
 539 0063 07       		.byte	0x7
 540 0064 39000000 		.4byte	.LASF6
 541 0068 04       		.uleb128 0x4
 542 0069 04       		.byte	0x4
 543 006a 05       		.byte	0x5
 544 006b 3C020000 		.4byte	.LASF7
 545 006f 04       		.uleb128 0x4
 546 0070 04       		.byte	0x4
 547 0071 07       		.byte	0x7
 548 0072 FD000000 		.4byte	.LASF8
 549 0076 04       		.uleb128 0x4
 550 0077 08       		.byte	0x8
 551 0078 07       		.byte	0x7
 552 0079 F2010000 		.4byte	.LASF9
 553 007d 04       		.uleb128 0x4
 554 007e 04       		.byte	0x4
 555 007f 07       		.byte	0x7
 556 0080 16020000 		.4byte	.LASF10
 557 0084 05       		.uleb128 0x5
 558 0085 04       		.byte	0x4
 559 0086 04       		.uleb128 0x4
 560 0087 01       		.byte	0x1
 561 0088 08       		.byte	0x8
 562 0089 2D020000 		.4byte	.LASF11
 563 008d 06       		.uleb128 0x6
 564 008e 0F010000 		.4byte	.LASF13
 565 0092 03       		.byte	0x3
 566 0093 E401     		.2byte	0x1e4
 567 0095 53000000 		.4byte	0x53
 568 0099 06       		.uleb128 0x6
 569 009a CF010000 		.4byte	.LASF14
 570 009e 03       		.byte	0x3
 571 009f E501     		.2byte	0x1e5
 572 00a1 61000000 		.4byte	0x61
 573 00a5 06       		.uleb128 0x6
 574 00a6 D6010000 		.4byte	.LASF15
 575 00aa 03       		.byte	0x3
 576 00ab E601     		.2byte	0x1e6
 577 00ad 6F000000 		.4byte	0x6f
 578 00b1 04       		.uleb128 0x4
 579 00b2 04       		.byte	0x4
 580 00b3 04       		.byte	0x4
 581 00b4 E8000000 		.4byte	.LASF16
 582 00b8 04       		.uleb128 0x4
 583 00b9 08       		.byte	0x8
ARM GAS  C:\Users\BENAKA~1\AppData\Local\Temp\ccQH2Ucr.s 			page 17


 584 00ba 04       		.byte	0x4
 585 00bb BB010000 		.4byte	.LASF17
 586 00bf 06       		.uleb128 0x6
 587 00c0 F8000000 		.4byte	.LASF18
 588 00c4 03       		.byte	0x3
 589 00c5 8E02     		.2byte	0x28e
 590 00c7 CB000000 		.4byte	0xcb
 591 00cb 07       		.uleb128 0x7
 592 00cc 8D000000 		.4byte	0x8d
 593 00d0 06       		.uleb128 0x6
 594 00d1 00000000 		.4byte	.LASF19
 595 00d5 03       		.byte	0x3
 596 00d6 9002     		.2byte	0x290
 597 00d8 DC000000 		.4byte	0xdc
 598 00dc 07       		.uleb128 0x7
 599 00dd A5000000 		.4byte	0xa5
 600 00e1 08       		.uleb128 0x8
 601 00e2 15010000 		.4byte	.LASF20
 602 00e6 01       		.byte	0x1
 603 00e7 4A       		.byte	0x4a
 604 00e8 00000000 		.4byte	.LFB2
 605 00ec 1E000000 		.4byte	.LFE2-.LFB2
 606 00f0 01       		.uleb128 0x1
 607 00f1 9C       		.byte	0x9c
 608 00f2 0F010000 		.4byte	0x10f
 609 00f6 09       		.uleb128 0x9
 610 00f7 7300     		.ascii	"s\000"
 611 00f9 01       		.byte	0x1
 612 00fa 4A       		.byte	0x4a
 613 00fb 84000000 		.4byte	0x84
 614 00ff 02       		.uleb128 0x2
 615 0100 91       		.byte	0x91
 616 0101 74       		.sleb128 -12
 617 0102 09       		.uleb128 0x9
 618 0103 6E00     		.ascii	"n\000"
 619 0105 01       		.byte	0x1
 620 0106 4A       		.byte	0x4a
 621 0107 2C000000 		.4byte	0x2c
 622 010b 02       		.uleb128 0x2
 623 010c 91       		.byte	0x91
 624 010d 70       		.sleb128 -16
 625 010e 00       		.byte	0
 626 010f 08       		.uleb128 0x8
 627 0110 93020000 		.4byte	.LASF21
 628 0114 01       		.byte	0x1
 629 0115 51       		.byte	0x51
 630 0116 00000000 		.4byte	.LFB3
 631 011a 20000000 		.4byte	.LFE3-.LFB3
 632 011e 01       		.uleb128 0x1
 633 011f 9C       		.byte	0x9c
 634 0120 4D010000 		.4byte	0x14d
 635 0124 0A       		.uleb128 0xa
 636 0125 EE000000 		.4byte	.LASF22
 637 0129 01       		.byte	0x1
 638 012a 51       		.byte	0x51
 639 012b 84000000 		.4byte	0x84
 640 012f 02       		.uleb128 0x2
ARM GAS  C:\Users\BENAKA~1\AppData\Local\Temp\ccQH2Ucr.s 			page 18


 641 0130 91       		.byte	0x91
 642 0131 74       		.sleb128 -12
 643 0132 09       		.uleb128 0x9
 644 0133 73726300 		.ascii	"src\000"
 645 0137 01       		.byte	0x1
 646 0138 51       		.byte	0x51
 647 0139 4D010000 		.4byte	0x14d
 648 013d 02       		.uleb128 0x2
 649 013e 91       		.byte	0x91
 650 013f 70       		.sleb128 -16
 651 0140 09       		.uleb128 0x9
 652 0141 6E00     		.ascii	"n\000"
 653 0143 01       		.byte	0x1
 654 0144 51       		.byte	0x51
 655 0145 2C000000 		.4byte	0x2c
 656 0149 02       		.uleb128 0x2
 657 014a 91       		.byte	0x91
 658 014b 6C       		.sleb128 -20
 659 014c 00       		.byte	0
 660 014d 0B       		.uleb128 0xb
 661 014e 04       		.byte	0x4
 662 014f 53010000 		.4byte	0x153
 663 0153 0C       		.uleb128 0xc
 664 0154 08       		.uleb128 0x8
 665 0155 83020000 		.4byte	.LASF23
 666 0159 01       		.byte	0x1
 667 015a 58       		.byte	0x58
 668 015b 00000000 		.4byte	.LFB4
 669 015f 20000000 		.4byte	.LFE4-.LFB4
 670 0163 01       		.uleb128 0x1
 671 0164 9C       		.byte	0x9c
 672 0165 92010000 		.4byte	0x192
 673 0169 0A       		.uleb128 0xa
 674 016a EE000000 		.4byte	.LASF22
 675 016e 01       		.byte	0x1
 676 016f 58       		.byte	0x58
 677 0170 84000000 		.4byte	0x84
 678 0174 02       		.uleb128 0x2
 679 0175 91       		.byte	0x91
 680 0176 74       		.sleb128 -12
 681 0177 09       		.uleb128 0x9
 682 0178 73726300 		.ascii	"src\000"
 683 017c 01       		.byte	0x1
 684 017d 58       		.byte	0x58
 685 017e 4D010000 		.4byte	0x14d
 686 0182 02       		.uleb128 0x2
 687 0183 91       		.byte	0x91
 688 0184 70       		.sleb128 -16
 689 0185 09       		.uleb128 0x9
 690 0186 6E00     		.ascii	"n\000"
 691 0188 01       		.byte	0x1
 692 0189 58       		.byte	0x58
 693 018a 2C000000 		.4byte	0x2c
 694 018e 02       		.uleb128 0x2
 695 018f 91       		.byte	0x91
 696 0190 6C       		.sleb128 -20
 697 0191 00       		.byte	0
ARM GAS  C:\Users\BENAKA~1\AppData\Local\Temp\ccQH2Ucr.s 			page 19


 698 0192 0D       		.uleb128 0xd
 699 0193 2E000000 		.4byte	.LASF24
 700 0197 01       		.byte	0x1
 701 0198 A7       		.byte	0xa7
 702 0199 00000000 		.4byte	.LFB5
 703 019d DC000000 		.4byte	.LFE5-.LFB5
 704 01a1 01       		.uleb128 0x1
 705 01a2 9C       		.byte	0x9c
 706 01a3 0E       		.uleb128 0xe
 707 01a4 0D000000 		.4byte	.LASF25
 708 01a8 01       		.byte	0x1
 709 01a9 EA       		.byte	0xea
 710 01aa 00000000 		.4byte	.LFB6
 711 01ae 28000000 		.4byte	.LFE6-.LFB6
 712 01b2 01       		.uleb128 0x1
 713 01b3 9C       		.byte	0x9c
 714 01b4 0F       		.uleb128 0xf
 715 01b5 C2010000 		.4byte	.LASF33
 716 01b9 01       		.byte	0x1
 717 01ba 0501     		.2byte	0x105
 718 01bc DC000000 		.4byte	.LFB7
 719 01c0 10010000 		.4byte	.LFE7-.LFB7
 720 01c4 01       		.uleb128 0x1
 721 01c5 9C       		.byte	0x9c
 722 01c6 10       		.uleb128 0x10
 723 01c7 EA000000 		.4byte	.LBB2
 724 01cb 8E000000 		.4byte	.LBE2-.LBB2
 725 01cf 11       		.uleb128 0x11
 726 01d0 06       		.byte	0x6
 727 01d1 01       		.byte	0x1
 728 01d2 0E01     		.2byte	0x10e
 729 01d4 F3010000 		.4byte	0x1f3
 730 01d8 12       		.uleb128 0x12
 731 01d9 EA010000 		.4byte	.LASF26
 732 01dd 01       		.byte	0x1
 733 01de 0F01     		.2byte	0x10f
 734 01e0 84000000 		.4byte	0x84
 735 01e4 00       		.byte	0
 736 01e5 12       		.uleb128 0x12
 737 01e6 F3000000 		.4byte	.LASF27
 738 01ea 01       		.byte	0x1
 739 01eb 1001     		.2byte	0x110
 740 01ed 99000000 		.4byte	0x99
 741 01f1 04       		.byte	0x4
 742 01f2 00       		.byte	0
 743 01f3 06       		.uleb128 0x6
 744 01f4 09020000 		.4byte	.LASF28
 745 01f8 01       		.byte	0x1
 746 01f9 1101     		.2byte	0x111
 747 01fb CF010000 		.4byte	0x1cf
 748 01ff 13       		.uleb128 0x13
 749 0200 0F020000 		.4byte	0x20f
 750 0204 0F020000 		.4byte	0x20f
 751 0208 14       		.uleb128 0x14
 752 0209 7D000000 		.4byte	0x7d
 753 020d 01       		.byte	0x1
 754 020e 00       		.byte	0
ARM GAS  C:\Users\BENAKA~1\AppData\Local\Temp\ccQH2Ucr.s 			page 20


 755 020f 15       		.uleb128 0x15
 756 0210 F3010000 		.4byte	0x1f3
 757 0214 16       		.uleb128 0x16
 758 0215 1E000000 		.4byte	.LASF29
 759 0219 01       		.byte	0x1
 760 021a 1301     		.2byte	0x113
 761 021c 26020000 		.4byte	0x226
 762 0220 05       		.uleb128 0x5
 763 0221 03       		.byte	0x3
 764 0222 00000000 		.4byte	cfg_memset_list.4893
 765 0226 15       		.uleb128 0x15
 766 0227 FF010000 		.4byte	0x1ff
 767 022b 17       		.uleb128 0x17
 768 022c 6900     		.ascii	"i\000"
 769 022e 01       		.byte	0x1
 770 022f 1901     		.2byte	0x119
 771 0231 8D000000 		.4byte	0x8d
 772 0235 02       		.uleb128 0x2
 773 0236 91       		.byte	0x91
 774 0237 77       		.sleb128 -9
 775 0238 10       		.uleb128 0x10
 776 0239 F2000000 		.4byte	.LBB3
 777 023d 3C000000 		.4byte	.LBE3-.LBB3
 778 0241 17       		.uleb128 0x17
 779 0242 6D7300   		.ascii	"ms\000"
 780 0245 01       		.byte	0x1
 781 0246 1E01     		.2byte	0x11e
 782 0248 4F020000 		.4byte	0x24f
 783 024c 02       		.uleb128 0x2
 784 024d 91       		.byte	0x91
 785 024e 70       		.sleb128 -16
 786 024f 0B       		.uleb128 0xb
 787 0250 04       		.byte	0x4
 788 0251 0F020000 		.4byte	0x20f
 789 0255 00       		.byte	0
 790 0256 00       		.byte	0
 791 0257 00       		.byte	0
 792 0258 00       		.byte	0
 793              		.section	.debug_abbrev,"",%progbits
 794              	.Ldebug_abbrev0:
 795 0000 01       		.uleb128 0x1
 796 0001 11       		.uleb128 0x11
 797 0002 01       		.byte	0x1
 798 0003 25       		.uleb128 0x25
 799 0004 0E       		.uleb128 0xe
 800 0005 13       		.uleb128 0x13
 801 0006 0B       		.uleb128 0xb
 802 0007 03       		.uleb128 0x3
 803 0008 0E       		.uleb128 0xe
 804 0009 1B       		.uleb128 0x1b
 805 000a 0E       		.uleb128 0xe
 806 000b 55       		.uleb128 0x55
 807 000c 17       		.uleb128 0x17
 808 000d 11       		.uleb128 0x11
 809 000e 01       		.uleb128 0x1
 810 000f 10       		.uleb128 0x10
 811 0010 17       		.uleb128 0x17
ARM GAS  C:\Users\BENAKA~1\AppData\Local\Temp\ccQH2Ucr.s 			page 21


 812 0011 00       		.byte	0
 813 0012 00       		.byte	0
 814 0013 02       		.uleb128 0x2
 815 0014 24       		.uleb128 0x24
 816 0015 00       		.byte	0
 817 0016 0B       		.uleb128 0xb
 818 0017 0B       		.uleb128 0xb
 819 0018 3E       		.uleb128 0x3e
 820 0019 0B       		.uleb128 0xb
 821 001a 03       		.uleb128 0x3
 822 001b 08       		.uleb128 0x8
 823 001c 00       		.byte	0
 824 001d 00       		.byte	0
 825 001e 03       		.uleb128 0x3
 826 001f 16       		.uleb128 0x16
 827 0020 00       		.byte	0
 828 0021 03       		.uleb128 0x3
 829 0022 0E       		.uleb128 0xe
 830 0023 3A       		.uleb128 0x3a
 831 0024 0B       		.uleb128 0xb
 832 0025 3B       		.uleb128 0x3b
 833 0026 0B       		.uleb128 0xb
 834 0027 49       		.uleb128 0x49
 835 0028 13       		.uleb128 0x13
 836 0029 00       		.byte	0
 837 002a 00       		.byte	0
 838 002b 04       		.uleb128 0x4
 839 002c 24       		.uleb128 0x24
 840 002d 00       		.byte	0
 841 002e 0B       		.uleb128 0xb
 842 002f 0B       		.uleb128 0xb
 843 0030 3E       		.uleb128 0x3e
 844 0031 0B       		.uleb128 0xb
 845 0032 03       		.uleb128 0x3
 846 0033 0E       		.uleb128 0xe
 847 0034 00       		.byte	0
 848 0035 00       		.byte	0
 849 0036 05       		.uleb128 0x5
 850 0037 0F       		.uleb128 0xf
 851 0038 00       		.byte	0
 852 0039 0B       		.uleb128 0xb
 853 003a 0B       		.uleb128 0xb
 854 003b 00       		.byte	0
 855 003c 00       		.byte	0
 856 003d 06       		.uleb128 0x6
 857 003e 16       		.uleb128 0x16
 858 003f 00       		.byte	0
 859 0040 03       		.uleb128 0x3
 860 0041 0E       		.uleb128 0xe
 861 0042 3A       		.uleb128 0x3a
 862 0043 0B       		.uleb128 0xb
 863 0044 3B       		.uleb128 0x3b
 864 0045 05       		.uleb128 0x5
 865 0046 49       		.uleb128 0x49
 866 0047 13       		.uleb128 0x13
 867 0048 00       		.byte	0
 868 0049 00       		.byte	0
ARM GAS  C:\Users\BENAKA~1\AppData\Local\Temp\ccQH2Ucr.s 			page 22


 869 004a 07       		.uleb128 0x7
 870 004b 35       		.uleb128 0x35
 871 004c 00       		.byte	0
 872 004d 49       		.uleb128 0x49
 873 004e 13       		.uleb128 0x13
 874 004f 00       		.byte	0
 875 0050 00       		.byte	0
 876 0051 08       		.uleb128 0x8
 877 0052 2E       		.uleb128 0x2e
 878 0053 01       		.byte	0x1
 879 0054 03       		.uleb128 0x3
 880 0055 0E       		.uleb128 0xe
 881 0056 3A       		.uleb128 0x3a
 882 0057 0B       		.uleb128 0xb
 883 0058 3B       		.uleb128 0x3b
 884 0059 0B       		.uleb128 0xb
 885 005a 27       		.uleb128 0x27
 886 005b 19       		.uleb128 0x19
 887 005c 11       		.uleb128 0x11
 888 005d 01       		.uleb128 0x1
 889 005e 12       		.uleb128 0x12
 890 005f 06       		.uleb128 0x6
 891 0060 40       		.uleb128 0x40
 892 0061 18       		.uleb128 0x18
 893 0062 9642     		.uleb128 0x2116
 894 0064 19       		.uleb128 0x19
 895 0065 01       		.uleb128 0x1
 896 0066 13       		.uleb128 0x13
 897 0067 00       		.byte	0
 898 0068 00       		.byte	0
 899 0069 09       		.uleb128 0x9
 900 006a 05       		.uleb128 0x5
 901 006b 00       		.byte	0
 902 006c 03       		.uleb128 0x3
 903 006d 08       		.uleb128 0x8
 904 006e 3A       		.uleb128 0x3a
 905 006f 0B       		.uleb128 0xb
 906 0070 3B       		.uleb128 0x3b
 907 0071 0B       		.uleb128 0xb
 908 0072 49       		.uleb128 0x49
 909 0073 13       		.uleb128 0x13
 910 0074 02       		.uleb128 0x2
 911 0075 18       		.uleb128 0x18
 912 0076 00       		.byte	0
 913 0077 00       		.byte	0
 914 0078 0A       		.uleb128 0xa
 915 0079 05       		.uleb128 0x5
 916 007a 00       		.byte	0
 917 007b 03       		.uleb128 0x3
 918 007c 0E       		.uleb128 0xe
 919 007d 3A       		.uleb128 0x3a
 920 007e 0B       		.uleb128 0xb
 921 007f 3B       		.uleb128 0x3b
 922 0080 0B       		.uleb128 0xb
 923 0081 49       		.uleb128 0x49
 924 0082 13       		.uleb128 0x13
 925 0083 02       		.uleb128 0x2
ARM GAS  C:\Users\BENAKA~1\AppData\Local\Temp\ccQH2Ucr.s 			page 23


 926 0084 18       		.uleb128 0x18
 927 0085 00       		.byte	0
 928 0086 00       		.byte	0
 929 0087 0B       		.uleb128 0xb
 930 0088 0F       		.uleb128 0xf
 931 0089 00       		.byte	0
 932 008a 0B       		.uleb128 0xb
 933 008b 0B       		.uleb128 0xb
 934 008c 49       		.uleb128 0x49
 935 008d 13       		.uleb128 0x13
 936 008e 00       		.byte	0
 937 008f 00       		.byte	0
 938 0090 0C       		.uleb128 0xc
 939 0091 26       		.uleb128 0x26
 940 0092 00       		.byte	0
 941 0093 00       		.byte	0
 942 0094 00       		.byte	0
 943 0095 0D       		.uleb128 0xd
 944 0096 2E       		.uleb128 0x2e
 945 0097 00       		.byte	0
 946 0098 03       		.uleb128 0x3
 947 0099 0E       		.uleb128 0xe
 948 009a 3A       		.uleb128 0x3a
 949 009b 0B       		.uleb128 0xb
 950 009c 3B       		.uleb128 0x3b
 951 009d 0B       		.uleb128 0xb
 952 009e 27       		.uleb128 0x27
 953 009f 19       		.uleb128 0x19
 954 00a0 11       		.uleb128 0x11
 955 00a1 01       		.uleb128 0x1
 956 00a2 12       		.uleb128 0x12
 957 00a3 06       		.uleb128 0x6
 958 00a4 40       		.uleb128 0x40
 959 00a5 18       		.uleb128 0x18
 960 00a6 9642     		.uleb128 0x2116
 961 00a8 19       		.uleb128 0x19
 962 00a9 00       		.byte	0
 963 00aa 00       		.byte	0
 964 00ab 0E       		.uleb128 0xe
 965 00ac 2E       		.uleb128 0x2e
 966 00ad 00       		.byte	0
 967 00ae 03       		.uleb128 0x3
 968 00af 0E       		.uleb128 0xe
 969 00b0 3A       		.uleb128 0x3a
 970 00b1 0B       		.uleb128 0xb
 971 00b2 3B       		.uleb128 0x3b
 972 00b3 0B       		.uleb128 0xb
 973 00b4 27       		.uleb128 0x27
 974 00b5 19       		.uleb128 0x19
 975 00b6 11       		.uleb128 0x11
 976 00b7 01       		.uleb128 0x1
 977 00b8 12       		.uleb128 0x12
 978 00b9 06       		.uleb128 0x6
 979 00ba 40       		.uleb128 0x40
 980 00bb 18       		.uleb128 0x18
 981 00bc 9742     		.uleb128 0x2117
 982 00be 19       		.uleb128 0x19
ARM GAS  C:\Users\BENAKA~1\AppData\Local\Temp\ccQH2Ucr.s 			page 24


 983 00bf 00       		.byte	0
 984 00c0 00       		.byte	0
 985 00c1 0F       		.uleb128 0xf
 986 00c2 2E       		.uleb128 0x2e
 987 00c3 01       		.byte	0x1
 988 00c4 3F       		.uleb128 0x3f
 989 00c5 19       		.uleb128 0x19
 990 00c6 03       		.uleb128 0x3
 991 00c7 0E       		.uleb128 0xe
 992 00c8 3A       		.uleb128 0x3a
 993 00c9 0B       		.uleb128 0xb
 994 00ca 3B       		.uleb128 0x3b
 995 00cb 05       		.uleb128 0x5
 996 00cc 27       		.uleb128 0x27
 997 00cd 19       		.uleb128 0x19
 998 00ce 11       		.uleb128 0x11
 999 00cf 01       		.uleb128 0x1
 1000 00d0 12       		.uleb128 0x12
 1001 00d1 06       		.uleb128 0x6
 1002 00d2 40       		.uleb128 0x40
 1003 00d3 18       		.uleb128 0x18
 1004 00d4 9642     		.uleb128 0x2116
 1005 00d6 19       		.uleb128 0x19
 1006 00d7 00       		.byte	0
 1007 00d8 00       		.byte	0
 1008 00d9 10       		.uleb128 0x10
 1009 00da 0B       		.uleb128 0xb
 1010 00db 01       		.byte	0x1
 1011 00dc 11       		.uleb128 0x11
 1012 00dd 01       		.uleb128 0x1
 1013 00de 12       		.uleb128 0x12
 1014 00df 06       		.uleb128 0x6
 1015 00e0 00       		.byte	0
 1016 00e1 00       		.byte	0
 1017 00e2 11       		.uleb128 0x11
 1018 00e3 13       		.uleb128 0x13
 1019 00e4 01       		.byte	0x1
 1020 00e5 0B       		.uleb128 0xb
 1021 00e6 0B       		.uleb128 0xb
 1022 00e7 3A       		.uleb128 0x3a
 1023 00e8 0B       		.uleb128 0xb
 1024 00e9 3B       		.uleb128 0x3b
 1025 00ea 05       		.uleb128 0x5
 1026 00eb 01       		.uleb128 0x1
 1027 00ec 13       		.uleb128 0x13
 1028 00ed 00       		.byte	0
 1029 00ee 00       		.byte	0
 1030 00ef 12       		.uleb128 0x12
 1031 00f0 0D       		.uleb128 0xd
 1032 00f1 00       		.byte	0
 1033 00f2 03       		.uleb128 0x3
 1034 00f3 0E       		.uleb128 0xe
 1035 00f4 3A       		.uleb128 0x3a
 1036 00f5 0B       		.uleb128 0xb
 1037 00f6 3B       		.uleb128 0x3b
 1038 00f7 05       		.uleb128 0x5
 1039 00f8 49       		.uleb128 0x49
ARM GAS  C:\Users\BENAKA~1\AppData\Local\Temp\ccQH2Ucr.s 			page 25


 1040 00f9 13       		.uleb128 0x13
 1041 00fa 38       		.uleb128 0x38
 1042 00fb 0B       		.uleb128 0xb
 1043 00fc 00       		.byte	0
 1044 00fd 00       		.byte	0
 1045 00fe 13       		.uleb128 0x13
 1046 00ff 01       		.uleb128 0x1
 1047 0100 01       		.byte	0x1
 1048 0101 49       		.uleb128 0x49
 1049 0102 13       		.uleb128 0x13
 1050 0103 01       		.uleb128 0x1
 1051 0104 13       		.uleb128 0x13
 1052 0105 00       		.byte	0
 1053 0106 00       		.byte	0
 1054 0107 14       		.uleb128 0x14
 1055 0108 21       		.uleb128 0x21
 1056 0109 00       		.byte	0
 1057 010a 49       		.uleb128 0x49
 1058 010b 13       		.uleb128 0x13
 1059 010c 2F       		.uleb128 0x2f
 1060 010d 0B       		.uleb128 0xb
 1061 010e 00       		.byte	0
 1062 010f 00       		.byte	0
 1063 0110 15       		.uleb128 0x15
 1064 0111 26       		.uleb128 0x26
 1065 0112 00       		.byte	0
 1066 0113 49       		.uleb128 0x49
 1067 0114 13       		.uleb128 0x13
 1068 0115 00       		.byte	0
 1069 0116 00       		.byte	0
 1070 0117 16       		.uleb128 0x16
 1071 0118 34       		.uleb128 0x34
 1072 0119 00       		.byte	0
 1073 011a 03       		.uleb128 0x3
 1074 011b 0E       		.uleb128 0xe
 1075 011c 3A       		.uleb128 0x3a
 1076 011d 0B       		.uleb128 0xb
 1077 011e 3B       		.uleb128 0x3b
 1078 011f 05       		.uleb128 0x5
 1079 0120 49       		.uleb128 0x49
 1080 0121 13       		.uleb128 0x13
 1081 0122 02       		.uleb128 0x2
 1082 0123 18       		.uleb128 0x18
 1083 0124 00       		.byte	0
 1084 0125 00       		.byte	0
 1085 0126 17       		.uleb128 0x17
 1086 0127 34       		.uleb128 0x34
 1087 0128 00       		.byte	0
 1088 0129 03       		.uleb128 0x3
 1089 012a 08       		.uleb128 0x8
 1090 012b 3A       		.uleb128 0x3a
 1091 012c 0B       		.uleb128 0xb
 1092 012d 3B       		.uleb128 0x3b
 1093 012e 05       		.uleb128 0x5
 1094 012f 49       		.uleb128 0x49
 1095 0130 13       		.uleb128 0x13
 1096 0131 02       		.uleb128 0x2
ARM GAS  C:\Users\BENAKA~1\AppData\Local\Temp\ccQH2Ucr.s 			page 26


 1097 0132 18       		.uleb128 0x18
 1098 0133 00       		.byte	0
 1099 0134 00       		.byte	0
 1100 0135 00       		.byte	0
 1101              		.section	.debug_aranges,"",%progbits
 1102 0000 44000000 		.4byte	0x44
 1103 0004 0200     		.2byte	0x2
 1104 0006 00000000 		.4byte	.Ldebug_info0
 1105 000a 04       		.byte	0x4
 1106 000b 00       		.byte	0
 1107 000c 0000     		.2byte	0
 1108 000e 0000     		.2byte	0
 1109 0010 00000000 		.4byte	.LFB2
 1110 0014 1E000000 		.4byte	.LFE2-.LFB2
 1111 0018 00000000 		.4byte	.LFB3
 1112 001c 20000000 		.4byte	.LFE3-.LFB3
 1113 0020 00000000 		.4byte	.LFB4
 1114 0024 20000000 		.4byte	.LFE4-.LFB4
 1115 0028 00000000 		.4byte	.LFB5
 1116 002c DC000000 		.4byte	.LFE5-.LFB5
 1117 0030 00000000 		.4byte	.LFB6
 1118 0034 28000000 		.4byte	.LFE6-.LFB6
 1119 0038 DC000000 		.4byte	.LFB7
 1120 003c 10010000 		.4byte	.LFE7-.LFB7
 1121 0040 00000000 		.4byte	0
 1122 0044 00000000 		.4byte	0
 1123              		.section	.debug_ranges,"",%progbits
 1124              	.Ldebug_ranges0:
 1125 0000 00000000 		.4byte	.LFB2
 1126 0004 1E000000 		.4byte	.LFE2
 1127 0008 00000000 		.4byte	.LFB3
 1128 000c 20000000 		.4byte	.LFE3
 1129 0010 00000000 		.4byte	.LFB4
 1130 0014 20000000 		.4byte	.LFE4
 1131 0018 00000000 		.4byte	.LFB5
 1132 001c DC000000 		.4byte	.LFE5
 1133 0020 00000000 		.4byte	.LFB6
 1134 0024 28000000 		.4byte	.LFE6
 1135 0028 DC000000 		.4byte	.LFB7
 1136 002c EC010000 		.4byte	.LFE7
 1137 0030 00000000 		.4byte	0
 1138 0034 00000000 		.4byte	0
 1139              		.section	.debug_line,"",%progbits
 1140              	.Ldebug_line0:
 1141 0000 6F010000 		.section	.debug_str,"MS",%progbits,1
 1141      0200CB00 
 1141      00000201 
 1141      FB0E0D00 
 1141      01010101 
 1142              	.LASF19:
 1143 0000 72656733 		.ascii	"reg32\000"
 1143      3200
 1144              	.LASF12:
 1145 0006 73697A65 		.ascii	"size_t\000"
 1145      5F7400
 1146              	.LASF25:
 1147 000d 416E616C 		.ascii	"AnalogSetDefault\000"
ARM GAS  C:\Users\BENAKA~1\AppData\Local\Temp\ccQH2Ucr.s 			page 27


 1147      6F675365 
 1147      74446566 
 1147      61756C74 
 1147      00
 1148              	.LASF29:
 1149 001e 6366675F 		.ascii	"cfg_memset_list\000"
 1149      6D656D73 
 1149      65745F6C 
 1149      69737400 
 1150              	.LASF24:
 1151 002e 436C6F63 		.ascii	"ClockSetup\000"
 1151      6B536574 
 1151      757000
 1152              	.LASF6:
 1153 0039 73686F72 		.ascii	"short unsigned int\000"
 1153      7420756E 
 1153      7369676E 
 1153      65642069 
 1153      6E7400
 1154              	.LASF32:
 1155 004c 433A5C55 		.ascii	"C:\\Users\\Benakapoi\\Desktop\\PSoC-4-BLE-master\\P"
 1155      73657273 
 1155      5C42656E 
 1155      616B6170 
 1155      6F695C44 
 1156 007a 536F432D 		.ascii	"SoC-4-BLE-master\\100_Projects_in_100_Days\\Day020_"
 1156      342D424C 
 1156      452D6D61 
 1156      73746572 
 1156      5C313030 
 1157 00ab 424C455F 		.ascii	"BLE_UART\\UART_to_BLE_peripheral\\UART_to_BLE_perip"
 1157      55415254 
 1157      5C554152 
 1157      545F746F 
 1157      5F424C45 
 1158 00dc 68657261 		.ascii	"heral.cydsn\000"
 1158      6C2E6379 
 1158      64736E00 
 1159              	.LASF16:
 1160 00e8 666C6F61 		.ascii	"float\000"
 1160      7400
 1161              	.LASF22:
 1162 00ee 64657374 		.ascii	"dest\000"
 1162      00
 1163              	.LASF27:
 1164 00f3 73697A65 		.ascii	"size\000"
 1164      00
 1165              	.LASF18:
 1166 00f8 72656738 		.ascii	"reg8\000"
 1166      00
 1167              	.LASF8:
 1168 00fd 6C6F6E67 		.ascii	"long unsigned int\000"
 1168      20756E73 
 1168      69676E65 
 1168      6420696E 
 1168      7400
 1169              	.LASF13:
ARM GAS  C:\Users\BENAKA~1\AppData\Local\Temp\ccQH2Ucr.s 			page 28


 1170 010f 75696E74 		.ascii	"uint8\000"
 1170      3800
 1171              	.LASF20:
 1172 0115 43594D45 		.ascii	"CYMEMZERO\000"
 1172      4D5A4552 
 1172      4F00
 1173              	.LASF30:
 1174 011f 474E5520 		.ascii	"GNU C11 5.4.1 20160609 (release) [ARM/embedded-5-br"
 1174      43313120 
 1174      352E342E 
 1174      31203230 
 1174      31363036 
 1175 0152 616E6368 		.ascii	"anch revision 237715] -mcpu=cortex-m0 -mthumb -g -O"
 1175      20726576 
 1175      6973696F 
 1175      6E203233 
 1175      37373135 
 1176 0185 30202D66 		.ascii	"0 -ffunction-sections -ffat-lto-objects\000"
 1176      66756E63 
 1176      74696F6E 
 1176      2D736563 
 1176      74696F6E 
 1177              	.LASF4:
 1178 01ad 756E7369 		.ascii	"unsigned char\000"
 1178      676E6564 
 1178      20636861 
 1178      7200
 1179              	.LASF17:
 1180 01bb 646F7562 		.ascii	"double\000"
 1180      6C6500
 1181              	.LASF33:
 1182 01c2 63796669 		.ascii	"cyfitter_cfg\000"
 1182      74746572 
 1182      5F636667 
 1182      00
 1183              	.LASF14:
 1184 01cf 75696E74 		.ascii	"uint16\000"
 1184      313600
 1185              	.LASF15:
 1186 01d6 75696E74 		.ascii	"uint32\000"
 1186      333200
 1187              	.LASF0:
 1188 01dd 756E7369 		.ascii	"unsigned int\000"
 1188      676E6564 
 1188      20696E74 
 1188      00
 1189              	.LASF26:
 1190 01ea 61646472 		.ascii	"address\000"
 1190      65737300 
 1191              	.LASF9:
 1192 01f2 6C6F6E67 		.ascii	"long long unsigned int\000"
 1192      206C6F6E 
 1192      6720756E 
 1192      7369676E 
 1192      65642069 
 1193              	.LASF28:
 1194 0209 6366675F 		.ascii	"cfg_memset_t\000"
ARM GAS  C:\Users\BENAKA~1\AppData\Local\Temp\ccQH2Ucr.s 			page 29


 1194      6D656D73 
 1194      65745F74 
 1194      00
 1195              	.LASF10:
 1196 0216 73697A65 		.ascii	"sizetype\000"
 1196      74797065 
 1196      00
 1197              	.LASF1:
 1198 021f 6C6F6E67 		.ascii	"long long int\000"
 1198      206C6F6E 
 1198      6720696E 
 1198      7400
 1199              	.LASF11:
 1200 022d 63686172 		.ascii	"char\000"
 1200      00
 1201              	.LASF5:
 1202 0232 73686F72 		.ascii	"short int\000"
 1202      7420696E 
 1202      7400
 1203              	.LASF7:
 1204 023c 6C6F6E67 		.ascii	"long int\000"
 1204      20696E74 
 1204      00
 1205              	.LASF2:
 1206 0245 6C6F6E67 		.ascii	"long double\000"
 1206      20646F75 
 1206      626C6500 
 1207              	.LASF3:
 1208 0251 7369676E 		.ascii	"signed char\000"
 1208      65642063 
 1208      68617200 
 1209              	.LASF31:
 1210 025d 47656E65 		.ascii	"Generated_Source\\PSoC4\\cyfitter_cfg.c\000"
 1210      72617465 
 1210      645F536F 
 1210      75726365 
 1210      5C50536F 
 1211              	.LASF23:
 1212 0283 4359434F 		.ascii	"CYCONFIGCPYCODE\000"
 1212      4E464947 
 1212      43505943 
 1212      4F444500 
 1213              	.LASF21:
 1214 0293 4359434F 		.ascii	"CYCONFIGCPY\000"
 1214      4E464947 
 1214      43505900 
 1215              		.ident	"GCC: (GNU Tools for ARM Embedded Processors) 5.4.1 20160609 (release) [ARM/embedded-5-bran
